\BOOKMARK [0][-]{Doc-Start}{\376\377\000L\000e\000c\000t\000u\000r\000e\000\040\0001\000:\000\040\000W\000o\000r\000s\000t\000\040\000C\000a\000s\000e\000\040\000T\000i\000m\000e\000\040\000C\000o\000m\000p\000l\000e\000x\000i\000t\000y}{}% 1
\BOOKMARK [1][-]{section.1}{\376\377\000S\000t\000e\000p\000s\000\040\000a\000n\000d\000\040\000I\000n\000p\000u\000t\000\040\000S\000i\000z\000e}{Doc-Start}% 2
\BOOKMARK [1][-]{section.2}{\376\377\000W\000o\000r\000s\000t\000\040\000C\000a\000s\000e\000\040\000T\000i\000m\000e\000\040\000C\000o\000m\000p\000l\000e\000x\000i\000t\000y}{Doc-Start}% 3
\BOOKMARK [1][-]{section.3}{\376\377\000P\000r\000o\000v\000i\000n\000g\000\040\000B\000o\000u\000n\000d\000s\000\040\000o\000n\000\040\000T\000\050\000n\000\051}{Doc-Start}% 4
\BOOKMARK [1][-]{section.4}{\376\377\000T\000w\000o\000\040\000I\000s\000s\000u\000e\000s\000\040\000\040\000A\000s\000y\000m\000p\000t\000o\000t\000i\000c\000\040\000N\000o\000t\000a\000t\000i\000o\000n}{Doc-Start}% 5
\BOOKMARK [1][-]{section.5}{\376\377\000B\000i\000g\000\040\000O\000\040\000\050\000U\000p\000p\000e\000r\000\040\000B\000o\000u\000n\000d\000\051}{Doc-Start}% 6
\BOOKMARK [1][-]{section.6}{\376\377\000B\000i\000g\000\040\000\040\000\050\000L\000o\000w\000e\000r\000\040\000B\000o\000u\000n\000d\000\051}{Doc-Start}% 7
\BOOKMARK [1][-]{section.7}{\376\377\000B\000i\000g\000\040\000\040\000\050\000T\000i\000g\000h\000t\000\040\000B\000o\000u\000n\000d\000\051}{Doc-Start}% 8
\BOOKMARK [1][-]{section.8}{\376\377\000W\000o\000r\000k\000e\000d\000\040\000E\000x\000a\000m\000p\000l\000e\000:\000\040\000B\000u\000b\000b\000l\000e\000\040\000S\000o\000r\000t\000\040\000i\000s\000\040\000\050\000n\0002\000\051}{Doc-Start}% 9
\BOOKMARK [0][-]{section.8}{\376\377\000L\000e\000c\000t\000u\000r\000e\000\040\0002\000:\000\040\000P\000r\000i\000o\000r\000i\000t\000y\000\040\000Q\000u\000e\000u\000e\000s\000\040\000a\000n\000d\000\040\000M\000a\000x\000-\000H\000e\000a\000p\000s}{}% 10
\BOOKMARK [1][-]{section.9}{\376\377\000A\000D\000T\000\040\000v\000s\000.\000\040\000D\000a\000t\000a\000\040\000S\000t\000r\000u\000c\000t\000u\000r\000e}{section.8}% 11
\BOOKMARK [1][-]{section.10}{\376\377\000T\000h\000e\000\040\000P\000r\000i\000o\000r\000i\000t\000y\000\040\000Q\000u\000e\000u\000e\000\040\000A\000D\000T}{section.8}% 12
\BOOKMARK [1][-]{section.11}{\376\377\000N\000a\000i\000v\000e\000\040\000I\000m\000p\000l\000e\000m\000e\000n\000t\000a\000t\000i\000o\000n\000s\000:\000\040\000W\000h\000y\000\040\000W\000e\000\040\000N\000e\000e\000d\000\040\000S\000o\000m\000e\000t\000h\000i\000n\000g\000\040\000B\000e\000t\000t\000e\000r}{section.8}% 13
\BOOKMARK [1][-]{section.12}{\376\377\000C\000o\000m\000p\000l\000e\000t\000e\000\040\000B\000i\000n\000a\000r\000y\000\040\000T\000r\000e\000e\000\040\000\050\000C\000B\000T\000\051}{section.8}% 14
\BOOKMARK [2][-]{subsection.12.1}{\376\377\000H\000e\000i\000g\000h\000t}{section.12}% 15
\BOOKMARK [1][-]{section.13}{\376\377\000M\000a\000x\000-\000H\000e\000a\000p}{section.8}% 16
\BOOKMARK [1][-]{section.14}{\376\377\000A\000r\000r\000a\000y\000\040\000R\000e\000p\000r\000e\000s\000e\000n\000t\000a\000t\000i\000o\000n}{section.8}% 17
\BOOKMARK [1][-]{section.15}{\376\377\000T\000h\000e\000\040\000T\000h\000r\000e\000e\000\040\000O\000p\000e\000r\000a\000t\000i\000o\000n\000s}{section.8}% 18
\BOOKMARK [2][-]{subsection.15.1}{\376\377\000M\000a\000x\000\050\000A\000\051}{section.15}% 19
\BOOKMARK [2][-]{subsection.15.2}{\376\377\000I\000n\000s\000e\000r\000t\000\050\000A\000,\000\040\000x\000\051\000:\000\040\000p\000e\000r\000c\000o\000l\000a\000t\000e\000\040\000u\000p}{section.15}% 20
\BOOKMARK [2][-]{subsection.15.3}{\376\377\000E\000x\000t\000r\000a\000c\000t\000\137\000M\000a\000x\000\050\000A\000\051\000:\000\040\000d\000r\000i\000p\000\040\000d\000o\000w\000n}{section.15}% 21
\BOOKMARK [1][-]{section.16}{\376\377\000C\000o\000m\000p\000l\000e\000x\000i\000t\000y\000\040\000A\000n\000a\000l\000y\000s\000i\000s}{section.8}% 22
\BOOKMARK [1][-]{section.17}{\376\377\000H\000e\000a\000p\000S\000o\000r\000t}{section.8}% 23
\BOOKMARK [1][-]{section.18}{\376\377\000P\000a\000s\000t\000\040\000E\000x\000a\000m\000:\000\040\000k\000-\000S\000e\000t\000\040\000A\000D\000T}{section.8}% 24
\BOOKMARK [1][-]{section*.4}{\376\377\000Q\000u\000i\000c\000k\000\040\000R\000e\000f\000e\000r\000e\000n\000c\000e\000:\000\040\000L\000e\000c\000t\000u\000r\000e\000\040\0002}{section.8}% 25
\BOOKMARK [0][-]{section*.4}{\376\377\000L\000e\000c\000t\000u\000r\000e\000\040\0003\000:\000\040\000M\000i\000n\000\040\000B\000i\000n\000o\000m\000i\000a\000l\000\040\000H\000e\000a\000p\000s}{}% 26
\BOOKMARK [1][-]{section.19}{\376\377\000M\000e\000r\000g\000e\000a\000b\000l\000e\000\040\000P\000r\000i\000o\000r\000i\000t\000y\000\040\000Q\000u\000e\000u\000e\000\040\000A\000D\000T}{section*.4}% 27
\BOOKMARK [1][-]{section.20}{\376\377\000B\000i\000n\000o\000m\000i\000a\000l\000\040\000T\000r\000e\000e\000s}{section*.4}% 28
\BOOKMARK [2][-]{subsection.20.1}{\376\377\000R\000e\000c\000u\000r\000s\000i\000v\000e\000\040\000D\000e\000f\000i\000n\000i\000t\000i\000o\000n\000\040\000o\000f\000\040\000B\000k}{section.20}% 29
\BOOKMARK [2][-]{subsection.20.2}{\376\377\000C\000h\000i\000l\000d\000r\000e\000n\000\040\000S\000e\000q\000u\000e\000n\000c\000e\000\040\000o\000f\000\040\000B\000k}{section.20}% 30
\BOOKMARK [2][-]{subsection.20.3}{\376\377\000P\000r\000o\000p\000e\000r\000t\000i\000e\000s\000\040\000o\000f\000\040\000B\000k}{section.20}% 31
\BOOKMARK [2][-]{subsection.20.4}{\376\377\000W\000h\000y\000\040\000`\000`\000B\000i\000n\000o\000m\000i\000a\000l\000'\000'\000?}{section.20}% 32
\BOOKMARK [1][-]{section.21}{\376\377\000B\000i\000n\000o\000m\000i\000a\000l\000\040\000F\000o\000r\000e\000s\000t\000\040\000F\000n}{section*.4}% 33
\BOOKMARK [2][-]{subsection.21.1}{\376\377\000C\000o\000n\000n\000e\000c\000t\000i\000o\000n\000\040\000t\000o\000\040\000B\000i\000n\000a\000r\000y\000\040\000R\000e\000p\000r\000e\000s\000e\000n\000t\000a\000t\000i\000o\000n}{section.21}% 34
\BOOKMARK [2][-]{subsection.21.2}{\376\377\000W\000h\000a\000t\000\040\000i\000s\000\040\000\050\000n\000\051\000?}{section.21}% 35
\BOOKMARK [2][-]{subsection.21.3}{\376\377\000P\000r\000o\000p\000e\000r\000t\000i\000e\000s\000\040\000o\000f\000\040\000F\000n}{section.21}% 36
\BOOKMARK [1][-]{section.22}{\376\377\000M\000i\000n\000\040\000B\000i\000n\000o\000m\000i\000a\000l\000\040\000H\000e\000a\000p\000:\000\040\000T\000h\000e\000\040\000F\000u\000l\000l\000\040\000D\000e\000f\000i\000n\000i\000t\000i\000o\000n}{section*.4}% 37
\BOOKMARK [1][-]{section.23}{\376\377\000B\000u\000i\000l\000d\000i\000n\000g\000\040\000a\000\040\000B\000i\000n\000o\000m\000i\000a\000l\000\040\000H\000e\000a\000p\000:\000\040\000W\000o\000r\000k\000e\000d\000\040\000E\000x\000a\000m\000p\000l\000e}{section*.4}% 38
\BOOKMARK [1][-]{section.24}{\376\377\000M\000e\000m\000o\000r\000y\000\040\000R\000e\000p\000r\000e\000s\000e\000n\000t\000a\000t\000i\000o\000n}{section*.4}% 39
\BOOKMARK [2][-]{subsection.24.1}{\376\377\000T\000h\000r\000e\000e\000\040\000P\000o\000i\000n\000t\000e\000r\000s\000\040\000P\000e\000r\000\040\000N\000o\000d\000e}{section.24}% 40
\BOOKMARK [2][-]{subsection.24.2}{\376\377\000V\000i\000s\000u\000a\000l\000\040\000v\000s\000.\000\040\000M\000e\000m\000o\000r\000y\000\040\000R\000e\000p\000r\000e\000s\000e\000n\000t\000a\000t\000i\000o\000n}{section.24}% 41
\BOOKMARK [2][-]{subsection.24.3}{\376\377\000H\000E\000A\000D\000\040\000P\000o\000i\000n\000t\000e\000r\000\040\000a\000n\000d\000\040\000R\000o\000o\000t\000\040\000L\000i\000s\000t}{section.24}% 42
\BOOKMARK [1][-]{section.25}{\376\377\000T\000w\000o\000\040\000K\000e\000y\000\040\000L\000e\000m\000m\000a\000s}{section*.4}% 43
\BOOKMARK [2][-]{subsection.25.1}{\376\377\000L\000e\000m\000m\000a\000\040\0001\000:\000\040\000M\000e\000r\000g\000i\000n\000g\000\040\000T\000w\000o\000\040\000B\000k\000\040\000T\000r\000e\000e\000s}{section.25}% 44
\BOOKMARK [2][-]{subsection.25.2}{\376\377\000L\000e\000m\000m\000a\000\040\0002\000:\000\040\000D\000e\000l\000e\000t\000i\000n\000g\000\040\000t\000h\000e\000\040\000R\000o\000o\000t\000\040\000o\000f\000\040\000B\000k}{section.25}% 45
\BOOKMARK [1][-]{section.26}{\376\377\000O\000p\000e\000r\000a\000t\000i\000o\000n\000s}{section*.4}% 46
\BOOKMARK [2][-]{subsection.26.1}{\376\377\000U\000n\000i\000o\000n\000\050\000T\000,\000\040\000Q\000\051\000:\000\040\000M\000e\000r\000g\000i\000n\000g\000\040\000T\000w\000o\000\040\000B\000i\000n\000o\000m\000i\000a\000l\000\040\000H\000e\000a\000p\000s}{section.26}% 47
\BOOKMARK [2][-]{subsection.26.2}{\376\377\000I\000n\000s\000e\000r\000t\000\050\000T\000,\000\040\000x\000\051\000:\000\040\000A\000d\000d\000i\000n\000g\000\040\000a\000\040\000S\000i\000n\000g\000l\000e\000\040\000E\000l\000e\000m\000e\000n\000t}{section.26}% 48
\BOOKMARK [2][-]{subsection.26.3}{\376\377\000M\000i\000n\000\050\000T\000\051\000:\000\040\000F\000i\000n\000d\000i\000n\000g\000\040\000t\000h\000e\000\040\000M\000i\000n\000i\000m\000u\000m}{section.26}% 49
\BOOKMARK [2][-]{subsection.26.4}{\376\377\000E\000x\000t\000r\000a\000c\000t\000\137\000M\000i\000n\000\050\000T\000\051\000:\000\040\000R\000e\000m\000o\000v\000e\000\040\000t\000h\000e\000\040\000M\000i\000n\000i\000m\000u\000m}{section.26}% 50
\BOOKMARK [1][-]{section.27}{\376\377\000C\000o\000m\000p\000l\000e\000x\000i\000t\000y\000\040\000S\000u\000m\000m\000a\000r\000y}{section*.4}% 51
\BOOKMARK [1][-]{section.28}{\376\377\000P\000r\000a\000c\000t\000i\000c\000e\000\040\000P\000r\000o\000b\000l\000e\000m\000s}{section*.4}% 52
\BOOKMARK [1][-]{section.29}{\376\377\000E\000x\000a\000m\000\040\000R\000e\000l\000e\000v\000a\000n\000c\000e}{section*.4}% 53
\BOOKMARK [1][-]{section*.6}{\376\377\000Q\000u\000i\000c\000k\000\040\000R\000e\000f\000e\000r\000e\000n\000c\000e\000:\000\040\000L\000e\000c\000t\000u\000r\000e\000\040\0003}{section*.4}% 54
\BOOKMARK [0][-]{section*.6}{\376\377\000L\000e\000c\000t\000u\000r\000e\000\040\0004\000:\000\040\000B\000i\000n\000o\000m\000i\000a\000l\000\040\000H\000e\000a\000p\000s\000\040\000\050\000P\000a\000r\000t\000\040\0002\000\051\000\040\000+\000\040\000B\000S\000T}{}% 55
\BOOKMARK [1][-]{section.30}{\376\377\000R\000e\000m\000a\000i\000n\000i\000n\000g\000\040\000B\000i\000n\000o\000m\000i\000a\000l\000\040\000H\000e\000a\000p\000\040\000O\000p\000e\000r\000a\000t\000i\000o\000n\000s}{section*.6}% 56
\BOOKMARK [2][-]{subsection.30.1}{\376\377\000D\000e\000c\000r\000e\000a\000s\000e\000\137\000K\000e\000y\000\050\000T\000,\000\040\000x\000,\000\040\000k\000\051\000:\000\040\000M\000a\000k\000e\000\040\000a\000\040\000K\000e\000y\000\040\000S\000m\000a\000l\000l\000e\000r}{section.30}% 57
\BOOKMARK [2][-]{subsection.30.2}{\376\377\000D\000e\000l\000e\000t\000e\000\050\000T\000,\000\040\000x\000\051\000:\000\040\000R\000e\000m\000o\000v\000e\000\040\000a\000\040\000S\000p\000e\000c\000i\000f\000i\000c\000\040\000N\000o\000d\000e}{section.30}% 58
\BOOKMARK [2][-]{subsection.30.3}{\376\377\000I\000n\000c\000r\000e\000a\000s\000e\000\137\000K\000e\000y\000\050\000T\000,\000\040\000x\000,\000\040\000k\000\051\000:\000\040\000M\000a\000k\000e\000\040\000a\000\040\000K\000e\000y\000\040\000L\000a\000r\000g\000e\000r}{section.30}% 59
\BOOKMARK [2][-]{subsection.30.4}{\376\377\000C\000o\000m\000p\000l\000e\000t\000e\000\040\000B\000i\000n\000o\000m\000i\000a\000l\000\040\000H\000e\000a\000p\000\040\000O\000p\000e\000r\000a\000t\000i\000o\000n\000s\000\040\000S\000u\000m\000m\000a\000r\000y}{section.30}% 60
\BOOKMARK [1][-]{section.31}{\376\377\000C\000o\000s\000t\000\040\000o\000f\000\040\000k\000\040\000S\000u\000c\000c\000e\000s\000s\000i\000v\000e\000\040\000I\000n\000s\000e\000r\000t\000s}{section*.6}% 61
\BOOKMARK [2][-]{subsection.31.1}{\376\377\000K\000e\000y\000\040\000I\000n\000s\000i\000g\000h\000t\000:\000\040\000E\000a\000c\000h\000\040\000I\000n\000s\000e\000r\000t\000\040\000=\000\040\000A\000d\000d\000i\000n\000g\000\040\0001\000\040\000i\000n\000\040\000B\000i\000n\000a\000r\000y}{section.31}% 62
\BOOKMARK [2][-]{subsection.31.2}{\376\377\000W\000o\000r\000k\000e\000d\000\040\000E\000x\000a\000m\000p\000l\000e\000:\000\040\0005\000\040\000S\000u\000c\000c\000e\000s\000s\000i\000v\000e\000\040\000I\000n\000s\000e\000r\000t\000s\000\040\000i\000n\000t\000o\000\040\000|\000T\000|\000=\0002\0007}{section.31}% 63
\BOOKMARK [2][-]{subsection.31.3}{\376\377\000E\000x\000a\000c\000t\000\040\000F\000o\000r\000m\000u\000l\000a\000\040\000v\000i\000a\000\040\000E\000d\000g\000e\000\040\000C\000o\000u\000n\000t\000i\000n\000g}{section.31}% 64
\BOOKMARK [1][-]{section.32}{\376\377\000T\000h\000e\000\040\000D\000i\000c\000t\000i\000o\000n\000a\000r\000y\000\040\000A\000D\000T}{section*.6}% 65
\BOOKMARK [2][-]{subsection.32.1}{\376\377\000F\000i\000r\000s\000t\000\040\000A\000t\000t\000e\000m\000p\000t\000:\000\040\000L\000i\000n\000k\000e\000d\000\040\000L\000i\000s\000t}{section.32}% 66
\BOOKMARK [1][-]{section.33}{\376\377\000B\000i\000n\000a\000r\000y\000\040\000S\000e\000a\000r\000c\000h\000\040\000T\000r\000e\000e\000s\000\040\000\050\000B\000S\000T\000\051}{section*.6}% 67
\BOOKMARK [2][-]{subsection.33.1}{\376\377\000T\000h\000e\000\040\000B\000S\000T\000\040\000P\000r\000o\000p\000e\000r\000t\000y}{section.33}% 68
\BOOKMARK [2][-]{subsection.33.2}{\376\377\000I\000n\000-\000O\000r\000d\000e\000r\000\040\000T\000r\000a\000v\000e\000r\000s\000a\000l}{section.33}% 69
\BOOKMARK [2][-]{subsection.33.3}{\376\377\000L\000e\000f\000t\000\040\000R\000o\000t\000a\000t\000i\000o\000n}{section.33}% 70
\BOOKMARK [2][-]{subsection.33.4}{\376\377\000B\000S\000T\000\040\000O\000p\000e\000r\000a\000t\000i\000o\000n\000s}{section.33}% 71
\BOOKMARK [2][-]{subsection.33.5}{\376\377\000B\000S\000T\000\040\000D\000e\000l\000e\000t\000e\000\050\000T\000,\000\040\000x\000\051\000:\000\040\000T\000h\000r\000e\000e\000\040\000C\000a\000s\000e\000s}{section.33}% 72
\BOOKMARK [2][-]{subsection.33.6}{\376\377\000T\000h\000e\000\040\000P\000r\000o\000b\000l\000e\000m\000:\000\040\000W\000o\000r\000s\000t\000-\000C\000a\000s\000e\000\040\000H\000e\000i\000g\000h\000t}{section.33}% 73
\BOOKMARK [1][-]{section.34}{\376\377\000P\000a\000s\000t\000\040\000E\000x\000a\000m\000\040\000Q\000u\000e\000s\000t\000i\000o\000n\000s}{section*.6}% 74
\BOOKMARK [1][-]{section*.12}{\376\377\000Q\000u\000i\000c\000k\000\040\000R\000e\000f\000e\000r\000e\000n\000c\000e\000:\000\040\000L\000e\000c\000t\000u\000r\000e\000\040\0004}{section*.6}% 75
\BOOKMARK [0][-]{section*.12}{\376\377\000L\000e\000c\000t\000u\000r\000e\000\040\0005\000:\000\040\000B\000a\000l\000a\000n\000c\000e\000d\000\040\000B\000S\000T\000s\000\040\000a\000n\000d\000\040\000A\000V\000L\000\040\000T\000r\000e\000e\000s}{}% 76
\BOOKMARK [1][-]{section.35}{\376\377\000R\000e\000c\000a\000l\000l\000:\000\040\000t\000h\000e\000\040\000P\000r\000o\000b\000l\000e\000m\000\040\000w\000i\000t\000h\000\040\000B\000S\000T\000s}{section*.12}% 77
\BOOKMARK [1][-]{section.36}{\376\377\000R\000e\000m\000i\000n\000d\000e\000r\000:\000\040\000H\000e\000i\000g\000h\000t\000\040\000o\000f\000\040\000a\000\040\000N\000o\000d\000e}{section*.12}% 78
\BOOKMARK [1][-]{section.37}{\376\377\000B\000a\000l\000a\000n\000c\000e\000\040\000F\000a\000c\000t\000o\000r\000\040\000\050\000B\000F\000\051}{section*.12}% 79
\BOOKMARK [1][-]{section.38}{\376\377\000A\000V\000L\000\040\000T\000r\000e\000e\000\040\000D\000e\000f\000i\000n\000i\000t\000i\000o\000n\000\040\000\050\000A\000d\000e\000l\000s\000o\000n\000-\000V\000e\000l\000s\000k\000y\000\040\000a\000n\000d\000\040\000L\000a\000n\000d\000i\000s\000\051}{section*.12}% 80
\BOOKMARK [1][-]{section.39}{\376\377\000I\000s\000\040\000T\000h\000i\000s\000\040\000a\000n\000\040\000A\000V\000L\000\040\000T\000r\000e\000e\000?}{section*.12}% 81
\BOOKMARK [1][-]{section.40}{\376\377\000P\000r\000o\000p\000e\000r\000t\000i\000e\000s\000\040\000o\000f\000\040\000A\000V\000L\000\040\000T\000r\000e\000e\000s}{section*.12}% 82
\BOOKMARK [1][-]{section.41}{\376\377\000A\000V\000L\000\040\000O\000p\000e\000r\000a\000t\000i\000o\000n\000s}{section*.12}% 83
\BOOKMARK [1][-]{section.42}{\376\377\000I\000n\000s\000e\000r\000t\000:\000\040\000G\000e\000n\000e\000r\000a\000l\000\040\000I\000d\000e\000a}{section*.12}% 84
\BOOKMARK [1][-]{section.43}{\376\377\000W\000o\000r\000k\000e\000d\000\040\000E\000x\000a\000m\000p\000l\000e\000\040\0001\000:\000\040\000I\000n\000s\000e\000r\000t\000\040\000w\000i\000t\000h\000\040\000N\000o\000\040\000R\000e\000b\000a\000l\000a\000n\000c\000i\000n\000g}{section*.12}% 85
\BOOKMARK [1][-]{section.44}{\376\377\000W\000o\000r\000k\000e\000d\000\040\000E\000x\000a\000m\000p\000l\000e\000\040\0002\000:\000\040\000S\000i\000n\000g\000l\000e\000\040\000R\000o\000t\000a\000t\000i\000o\000n\000\040\000\050\000L\000e\000f\000t\000\040\000R\000o\000t\000a\000t\000i\000o\000n\000\051}{section*.12}% 86
\BOOKMARK [1][-]{section.45}{\376\377\000W\000o\000r\000k\000e\000d\000\040\000E\000x\000a\000m\000p\000l\000e\000\040\0003\000:\000\040\000D\000o\000u\000b\000l\000e\000\040\000R\000o\000t\000a\000t\000i\000o\000n\000\040\000\050\000R\000i\000g\000h\000t\000-\000L\000e\000f\000t\000\051}{section*.12}% 87
\BOOKMARK [1][-]{section.46}{\376\377\000T\000h\000e\000\040\000F\000o\000u\000r\000\040\000R\000o\000t\000a\000t\000i\000o\000n\000\040\000C\000a\000s\000e\000s}{section*.12}% 88
\BOOKMARK [1][-]{section.47}{\376\377\000I\000n\000s\000e\000r\000t\000\040\000A\000l\000g\000o\000r\000i\000t\000h\000m\000\040\000S\000k\000e\000t\000c\000h}{section*.12}% 89
\BOOKMARK [1][-]{section*.13}{\376\377\000Q\000u\000i\000c\000k\000\040\000R\000e\000f\000e\000r\000e\000n\000c\000e\000:\000\040\000L\000e\000c\000t\000u\000r\000e\000\040\0005}{section*.12}% 90
